> Task :app:checkKotlinGradlePluginConfigurationErrors SKIPPED
> Task :app:compileDebugKotlin FAILED
e: file:///C:/Users/as351/MyWorks/ExpenseTracker/app/src/main/java/com/minor/expensetracker/ui/components/GradientButton.kt:98:14 Functions which invoke @Composable functions must be marked with the @Composable annotation
e: file:///C:/Users/as351/MyWorks/ExpenseTracker/app/src/main/java/com/minor/expensetracker/ui/components/GradientButton.kt:101:41 Unresolved reference 'clickable'.
e: file:///C:/Users/as351/MyWorks/ExpenseTracker/app/src/main/java/com/minor/expensetracker/ui/components/GradientButton.kt:103:37 @Composable invocations can only happen from the context of a @Composable function
e: file:///C:/Users/as351/MyWorks/ExpenseTracker/app/src/main/java/com/minor/expensetracker/ui/screens/auth/AuthScreen.kt:136:24 Unresolved reference 'tween'.
e: file:///C:/Users/as351/MyWorks/ExpenseTracker/app/src/main/java/com/minor/expensetracker/ui/screens/auth/AuthScreen.kt:136:57 Unresolved reference 'tween'.
e: file:///C:/Users/as351/MyWorks/ExpenseTracker/app/src/main/java/com/minor/expensetracker/ui/screens/profile/ProfileScreen.kt:172:24 Unresolved reference 'tween'.
e: file:///C:/Users/as351/MyWorks/ExpenseTracker/app/src/main/java/com/minor/expensetracker/ui/screens/profile/ProfileScreen.kt:173:25 Unresolved reference 'tween'.
   > Compilation error. See log for more details
BUILD FAILED in 3s
