> Task :app:checkKotlinGradlePluginConfigurationErrors SKIPPED
> Task :app:preBuild UP-TO-DATE
> Task :app:preDebugBuild UP-TO-DATE
> Task :app:checkDebugAarMetadata UP-TO-DATE
> Task :app:generateDebugResValues UP-TO-DATE
> Task :app:mapDebugSourceSetPaths UP-TO-DATE
> Task :app:generateDebugResources UP-TO-DATE
> Task :app:mergeDebugResources UP-TO-DATE
> Task :app:packageDebugResources UP-TO-DATE
> Task :app:parseDebugLocalResources UP-TO-DATE
> Task :app:createDebugCompatibleScreenManifests UP-TO-DATE
> Task :app:extractDeepLinksDebug UP-TO-DATE
> Task :app:processDebugMainManifest UP-TO-DATE
> Task :app:processDebugManifest UP-TO-DATE
> Task :app:processDebugManifestForPackage UP-TO-DATE
> Task :app:processDebugResources UP-TO-DATE
> Task :app:kspDebugKotlin UP-TO-DATE

> Task :app:compileDebugKotlin FAILED
e: file:///C:/Users/as351/MyWorks/ExpenseTracker/app/src/main/java/com/minor/expensetracker/ui/components/GradientButton.kt:98:14 Functions which invoke @Composable functions must be marked with the @Composable annotation
e: file:///C:/Users/as351/MyWorks/ExpenseTracker/app/src/main/java/com/minor/expensetracker/ui/components/GradientButton.kt:101:41 Unresolved reference 'clickable'.
e: file:///C:/Users/as351/MyWorks/ExpenseTracker/app/src/main/java/com/minor/expensetracker/ui/components/GradientButton.kt:103:37 @Composable invocations can only happen from the context of a @Composable function
e: file:///C:/Users/as351/MyWorks/ExpenseTracker/app/src/main/java/com/minor/expensetracker/ui/screens/auth/AuthScreen.kt:136:24 Unresolved reference 'tween'.
e: file:///C:/Users/as351/MyWorks/ExpenseTracker/app/src/main/java/com/minor/expensetracker/ui/screens/auth/AuthScreen.kt:136:57 Unresolved reference 'tween'.
e: file:///C:/Users/as351/MyWorks/ExpenseTracker/app/src/main/java/com/minor/expensetracker/ui/screens/profile/ProfileScreen.kt:172:24 Unresolved reference 'tween'.
e: file:///C:/Users/as351/MyWorks/ExpenseTracker/app/src/main/java/com/minor/expensetracker/ui/screens/profile/ProfileScreen.kt:173:25 Unresolved reference 'tween'.

FAILURE: Build failed with an exception.

* What went wrong:
Execution failed for task ':app:compileDebugKotlin'.
> A failure occurred while executing org.jetbrains.kotlin.compilerRunner.GradleCompilerRunnerWithWorkers$GradleKotlinCompilerWorkAction
   > Compilation error. See log for more details

* Try:
> Run with --stacktrace option to get the stack trace.
> Run with --info or --debug option to get more log output.
> Run with --scan to get full insights.
> Get more help at https://help.gradle.org.

BUILD FAILED in 2s
15 actionable tasks: 1 executed, 14 up-to-date
